US: $12,324.13
India: ₹12,324.13
China: ¥12,324.13
France: 12 324,13 €