ERROR!
ERROR!
ERROR!
ERROR!
ERROR!
ERROR!
ERROR!
ERROR!
ERROR!
ERROR!
ERROR!
ERROR!
ERROR!
ERROR!
ERROR!
ERROR!
ERROR!
ERROR!
ERROR!
ERROR!
ERROR!
ERROR!
ERROR!
ERROR!
ERROR!
ERROR!
ERROR!
ERROR!
ERROR!
ERROR!
ERROR!
ERROR!
ERROR!
ERROR!
ERROR!
ERROR!
ERROR!
ERROR!
24
ERROR!
63
ERROR!
ERROR!
ERROR!
76
ERROR!
ERROR!
ERROR!
ERROR!
ERROR!
ERROR!
ERROR!
ERROR!
ERROR!
ERROR!
ERROR!
ERROR!
ERROR!
ERROR!
ERROR!
ERROR!
ERROR!
ERROR!
ERROR!
ERROR!
ERROR!
46
ERROR!
ERROR!
ERROR!
ERROR!
ERROR!
ERROR!
ERROR!
ERROR!
ERROR!
ERROR!
ERROR!
ERROR!
ERROR!
ERROR!
ERROR!
ERROR!
ERROR!
ERROR!
ERROR!
ERROR!
ERROR!
ERROR!
ERROR!
ERROR!
ERROR!
ERROR!
ERROR!
ERROR!
ERROR!
ERROR!
ERROR!
ERROR!
ERROR!
ERROR!
ERROR!
ERROR!
ERROR!
ERROR!
ERROR!
ERROR!
ERROR!
ERROR!
ERROR!
ERROR!
ERROR!
ERROR!
ERROR!
ERROR!
ERROR!
ERROR!
ERROR!
ERROR!
ERROR!
ERROR!
ERROR!
ERROR!
ERROR!
ERROR!
ERROR!
ERROR!
ERROR!
ERROR!
ERROR!
ERROR!
ERROR!
ERROR!
ERROR!
42
ERROR!
ERROR!
53
ERROR!
ERROR!
ERROR!
ERROR!
ERROR!
ERROR!
ERROR!
ERROR!
ERROR!
ERROR!
ERROR!
ERROR!
ERROR!
ERROR!
ERROR!
ERROR!
ERROR!
ERROR!
ERROR!
ERROR!
ERROR!
ERROR!
ERROR!
ERROR!
ERROR!
ERROR!
ERROR!
ERROR!
ERROR!
ERROR!
ERROR!
ERROR!
ERROR!
ERROR!
ERROR!
ERROR!
ERROR!
ERROR!
ERROR!
ERROR!
ERROR!
ERROR!
ERROR!
ERROR!
ERROR!
ERROR!
ERROR!
ERROR!
ERROR!
ERROR!
ERROR!
ERROR!
ERROR!
ERROR!
ERROR!
ERROR!
56
ERROR!
ERROR!
ERROR!
ERROR!
ERROR!
ERROR!
ERROR!
ERROR!
ERROR!
ERROR!
ERROR!
95
ERROR!
ERROR!
ERROR!
ERROR!
ERROR!
ERROR!
ERROR!
ERROR!
ERROR!
ERROR!
ERROR!
ERROR!
ERROR!
ERROR!
ERROR!
ERROR!
ERROR!
ERROR!
ERROR!
ERROR!
ERROR!
ERROR!
ERROR!
ERROR!
ERROR!
ERROR!
ERROR!
ERROR!
99
ERROR!
ERROR!
ERROR!
ERROR!
ERROR!
ERROR!
ERROR!
ERROR!
ERROR!
ERROR!
ERROR!
ERROR!
ERROR!
ERROR!
ERROR!
ERROR!
ERROR!
ERROR!
ERROR!
ERROR!
ERROR!
ERROR!
ERROR!
ERROR!
ERROR!
ERROR!
ERROR!
ERROR!
90
ERROR!
ERROR!
ERROR!
ERROR!
ERROR!
ERROR!
ERROR!
ERROR!
ERROR!
ERROR!
ERROR!
ERROR!
ERROR!
ERROR!
ERROR!
97
ERROR!
ERROR!
ERROR!
ERROR!
ERROR!
ERROR!
ERROR!
ERROR!
ERROR!
ERROR!
ERROR!
ERROR!
ERROR!
ERROR!
ERROR!
ERROR!
ERROR!
ERROR!
ERROR!
ERROR!
ERROR!
ERROR!
ERROR!
ERROR!
ERROR!
ERROR!
ERROR!
ERROR!
ERROR!
ERROR!
ERROR!
ERROR!
ERROR!
ERROR!
ERROR!
ERROR!
ERROR!
ERROR!
ERROR!
ERROR!
ERROR!
ERROR!
ERROR!
ERROR!
ERROR!
ERROR!
ERROR!
ERROR!
ERROR!
ERROR!
ERROR!
ERROR!
ERROR!
ERROR!
ERROR!
ERROR!
ERROR!
ERROR!
ERROR!
ERROR!
ERROR!
ERROR!
ERROR!
ERROR!
ERROR!
ERROR!
ERROR!
ERROR!
ERROR!
ERROR!
ERROR!
ERROR!
ERROR!
ERROR!
ERROR!
ERROR!
ERROR!
ERROR!
ERROR!
ERROR!
ERROR!
ERROR!
ERROR!
ERROR!
ERROR!
ERROR!
ERROR!
ERROR!
ERROR!
ERROR!
ERROR!
ERROR!
ERROR!
ERROR!
ERROR!
ERROR!
ERROR!
ERROR!
ERROR!
ERROR!
ERROR!
ERROR!
ERROR!
57
ERROR!
ERROR!
ERROR!
ERROR!
84
ERROR!
ERROR!
ERROR!
ERROR!
ERROR!
ERROR!
ERROR!
ERROR!
61
ERROR!
ERROR!
ERROR!
68
ERROR!
ERROR!
ERROR!
ERROR!
ERROR!
ERROR!
ERROR!
ERROR!
ERROR!
ERROR!
ERROR!
ERROR!
ERROR!
ERROR!
ERROR!
ERROR!
ERROR!
ERROR!
ERROR!
ERROR!
ERROR!
ERROR!
ERROR!
ERROR!
ERROR!
ERROR!
ERROR!
ERROR!
ERROR!
ERROR!
ERROR!
ERROR!
ERROR!
ERROR!
ERROR!
ERROR!
ERROR!
ERROR!
ERROR!
83
ERROR!
ERROR!
52
ERROR!
ERROR!
ERROR!
ERROR!
ERROR!
ERROR!
ERROR!
ERROR!
ERROR!
ERROR!
ERROR!
ERROR!
ERROR!
ERROR!
ERROR!
ERROR!
ERROR!
ERROR!
ERROR!
ERROR!
ERROR!
ERROR!
ERROR!
ERROR!
ERROR!
ERROR!
ERROR!
ERROR!
ERROR!
ERROR!
ERROR!
ERROR!
ERROR!
ERROR!
ERROR!
ERROR!
ERROR!
ERROR!
ERROR!
ERROR!
ERROR!
ERROR!
ERROR!
ERROR!
ERROR!
ERROR!
ERROR!
ERROR!
ERROR!
19
ERROR!
ERROR!
83
ERROR!
ERROR!
ERROR!
ERROR!
ERROR!
ERROR!
ERROR!
ERROR!
ERROR!
ERROR!
ERROR!
ERROR!
ERROR!
ERROR!
ERROR!
ERROR!
ERROR!
ERROR!
ERROR!
ERROR!
73
ERROR!
ERROR!
ERROR!
ERROR!
ERROR!
ERROR!
ERROR!
ERROR!
ERROR!
ERROR!
ERROR!
ERROR!
ERROR!
ERROR!
ERROR!
ERROR!
ERROR!
ERROR!
ERROR!
ERROR!
ERROR!
ERROR!
ERROR!
ERROR!
ERROR!
ERROR!
ERROR!
ERROR!
ERROR!
ERROR!
ERROR!
ERROR!
ERROR!
ERROR!
ERROR!
ERROR!
ERROR!
ERROR!
ERROR!
ERROR!
ERROR!
ERROR!
ERROR!
ERROR!
14
ERROR!
ERROR!
ERROR!
ERROR!
ERROR!
ERROR!
ERROR!
ERROR!
ERROR!
ERROR!
ERROR!
ERROR!
ERROR!
ERROR!
73
ERROR!
ERROR!
ERROR!
ERROR!
ERROR!
98
ERROR!
ERROR!
ERROR!
ERROR!
ERROR!
ERROR!
6
ERROR!
ERROR!
ERROR!
ERROR!
ERROR!
ERROR!
ERROR!
ERROR!
ERROR!
ERROR!
ERROR!
ERROR!
ERROR!
ERROR!
ERROR!
ERROR!
ERROR!
ERROR!
ERROR!
ERROR!
ERROR!
ERROR!
ERROR!
ERROR!
ERROR!
ERROR!
ERROR!
ERROR!
ERROR!
ERROR!
ERROR!
ERROR!
ERROR!
ERROR!
ERROR!
ERROR!
ERROR!
ERROR!
ERROR!
ERROR!
ERROR!
ERROR!
ERROR!
ERROR!
ERROR!
ERROR!
ERROR!
ERROR!
ERROR!
ERROR!
ERROR!
ERROR!
ERROR!
ERROR!
ERROR!
ERROR!
46
ERROR!
ERROR!
ERROR!
ERROR!
ERROR!
ERROR!
ERROR!
ERROR!
ERROR!
ERROR!
ERROR!
ERROR!
ERROR!
ERROR!
ERROR!
ERROR!
ERROR!
ERROR!
ERROR!
ERROR!
ERROR!
ERROR!
ERROR!
ERROR!
ERROR!
ERROR!
ERROR!
ERROR!
ERROR!
ERROR!
ERROR!
ERROR!
ERROR!
ERROR!
ERROR!
ERROR!
ERROR!
ERROR!
ERROR!
ERROR!
ERROR!
ERROR!
ERROR!
ERROR!
ERROR!
ERROR!
ERROR!
ERROR!
ERROR!
ERROR!
ERROR!
ERROR!
ERROR!
ERROR!
ERROR!
ERROR!
ERROR!
ERROR!
ERROR!
ERROR!
ERROR!
ERROR!
ERROR!
ERROR!
ERROR!
ERROR!
ERROR!
ERROR!
ERROR!
ERROR!
ERROR!
ERROR!
ERROR!
ERROR!
ERROR!
ERROR!
ERROR!
ERROR!
ERROR!
ERROR!
ERROR!
ERROR!
ERROR!
ERROR!
22
ERROR!
ERROR!
ERROR!
ERROR!
ERROR!
ERROR!
ERROR!
ERROR!
ERROR!
ERROR!
ERROR!
ERROR!
ERROR!
ERROR!
ERROR!
29
ERROR!
ERROR!
ERROR!
ERROR!
ERROR!
ERROR!
ERROR!
ERROR!
ERROR!
ERROR!
ERROR!
ERROR!
63
ERROR!
ERROR!
ERROR!
ERROR!
ERROR!
ERROR!
ERROR!
ERROR!
ERROR!
ERROR!
ERROR!
ERROR!
ERROR!
ERROR!
ERROR!
ERROR!
ERROR!
ERROR!
ERROR!
ERROR!
ERROR!
ERROR!
ERROR!
ERROR!
ERROR!
73
ERROR!
ERROR!
ERROR!
ERROR!
ERROR!
ERROR!
ERROR!
ERROR!
94
ERROR!
ERROR!
ERROR!
ERROR!
ERROR!
ERROR!
ERROR!
ERROR!
ERROR!
ERROR!
ERROR!
ERROR!
ERROR!
ERROR!
ERROR!
ERROR!
ERROR!
ERROR!
ERROR!
ERROR!
ERROR!
ERROR!
ERROR!
ERROR!
ERROR!
ERROR!
ERROR!
ERROR!
ERROR!
ERROR!
ERROR!
ERROR!
ERROR!
ERROR!
ERROR!
ERROR!
ERROR!
ERROR!
ERROR!
ERROR!
ERROR!
ERROR!
ERROR!
ERROR!
ERROR!
ERROR!
ERROR!
ERROR!
ERROR!
ERROR!
ERROR!
34
ERROR!
ERROR!
ERROR!
ERROR!
ERROR!
ERROR!
ERROR!
ERROR!
ERROR!
ERROR!
ERROR!
ERROR!
ERROR!
ERROR!
ERROR!
ERROR!
ERROR!
ERROR!
ERROR!
ERROR!
ERROR!
ERROR!
ERROR!
ERROR!
ERROR!
ERROR!
ERROR!
ERROR!
ERROR!
ERROR!
ERROR!
ERROR!
ERROR!
ERROR!
ERROR!
ERROR!
ERROR!
ERROR!
ERROR!
ERROR!
ERROR!
ERROR!
ERROR!
ERROR!
44
ERROR!
ERROR!
ERROR!
ERROR!
ERROR!
ERROR!
ERROR!
ERROR!
ERROR!
ERROR!
ERROR!
ERROR!
ERROR!
46
ERROR!
32
ERROR!
ERROR!
ERROR!
ERROR!
ERROR!
ERROR!
ERROR!
ERROR!
ERROR!
ERROR!
ERROR!
ERROR!
ERROR!
ERROR!
ERROR!
ERROR!
ERROR!
ERROR!
ERROR!
ERROR!
ERROR!
ERROR!
ERROR!
ERROR!
ERROR!
ERROR!
ERROR!
ERROR!
ERROR!
ERROR!
ERROR!
ERROR!
ERROR!
ERROR!
ERROR!
10
ERROR!
ERROR!
ERROR!
ERROR!
ERROR!
ERROR!
ERROR!
ERROR!
ERROR!
ERROR!
ERROR!
ERROR!
ERROR!
ERROR!
ERROR!
ERROR!
ERROR!
ERROR!
ERROR!
ERROR!
ERROR!
ERROR!
ERROR!
ERROR!
ERROR!
ERROR!
ERROR!
ERROR!
ERROR!
ERROR!
ERROR!
ERROR!
ERROR!
ERROR!
ERROR!
ERROR!
ERROR!
ERROR!
ERROR!
ERROR!
ERROR!
ERROR!
ERROR!
ERROR!
ERROR!
ERROR!
ERROR!
ERROR!
ERROR!
ERROR!
39
ERROR!